{
  "id": "8476d791-651f-4adf-85be-2309c8000be8",
  "model_name": "sklearn-iris",
  "model_version": "v1.0.0",
  "outputs": [
    {
      "data": [
        1,
        1
      ],
      "datatype": "INT64",
      "name": "predict",
      "parameters": {
        "content_type": "np"
      },
      "shape": [
        2,
        1
      ]
    }
  ],
  "parameters": {}
}
